2026-09-30 06:57:49.831 [main] INFO  Freerouting v1.9.0 (build-date: 2023-10-30)
2026-09-30 06:57:51.159 [main] INFO  Opening 'C:\Users\arthu\Documents\Code\cartouche-eclair-proto\hardware\cartouche-drive.dsn'...
2026-09-30 06:57:51.558 [ForkJoinPool.commonPool-worker-1] INFO  New version available: v2.4.1
2026-09-30 06:58:12.499 [Thread-29] INFO  Starting auto-routing...
2026-09-30 06:58:50.008 [Thread-29] INFO  Auto-routing was completed in 37.51 seconds.
2026-09-30 06:58:50.120 [Thread-29] INFO  Starting route optimization on 1 thread...
2026-09-30 06:58:50.120 [Thread-29] INFO  Route optimization was completed in 0.00 seconds.
2026-09-30 06:58:50.142 [Thread-29] INFO  Saving 'C:\Users\arthu\Documents\Code\cartouche-eclair-proto\hardware\cartouche-drive.ses'...
2026-09-30 07:00:04.461 [main] INFO  Freerouting v1.9.0 (build-date: 2023-10-30)
2026-09-30 07:00:04.539 [main] INFO  Settings were loaded from freerouting.json
2026-09-30 07:00:05.723 [main] INFO  Opening 'C:\Users\arthu\Documents\Code\cartouche-eclair-proto\hardware\cartouche-drive.dsn'...
2026-09-30 07:00:06.107 [ForkJoinPool.commonPool-worker-1] INFO  New version available: v2.4.1
2026-09-30 07:00:10.452 [Thread-29] INFO  Starting auto-routing...
2026-09-30 07:00:42.495 [Thread-29] INFO  Auto-routing was completed in 32.04 seconds.
2026-09-30 07:00:42.607 [Thread-29] INFO  Starting route optimization on 1 thread...
2026-09-30 07:00:42.607 [Thread-29] INFO  Route optimization was completed in 0.00 seconds.
2026-09-30 07:00:42.620 [Thread-29] INFO  Saving 'C:\Users\arthu\Documents\Code\cartouche-eclair-proto\hardware\cartouche-drive.ses'...
2026-09-30 07:02:20.276 [main] INFO  Freerouting v1.9.0 (build-date: 2023-10-30)
2026-09-30 07:02:20.361 [main] INFO  Settings were loaded from freerouting.json
2026-09-30 07:02:21.558 [main] INFO  Opening 'C:\Users\arthu\Documents\Code\cartouche-eclair-proto\hardware\cartouche-drive.dsn'...
2026-09-30 07:02:21.796 [ForkJoinPool.commonPool-worker-1] INFO  New version available: v2.4.1
2026-09-30 07:02:22.828 [AWT-EventQueue-0] ERROR Cannot invoke "app.freerouting.geometry.planar.FloatPoint.rotate(double, app.freerouting.geometry.planar.FloatPoint)" because "p_point" is null
java.lang.NullPointerException: Cannot invoke "app.freerouting.geometry.planar.FloatPoint.rotate(double, app.freerouting.geometry.planar.FloatPoint)" because "p_point" is null
	at app.freerouting.boardgraphics.CoordinateTransform.board_to_screen(CoordinateTransform.java:82) ~[freerouting-1.9.0.jar:unspecified]
	at app.freerouting.interactive.InteractiveState.mouse_wheel_moved(InteractiveState.java:90) ~[freerouting-1.9.0.jar:unspecified]
	at app.freerouting.interactive.BoardHandling.mouse_wheel_moved(BoardHandling.java:721) ~[freerouting-1.9.0.jar:unspecified]
	at app.freerouting.gui.BoardPanel.lambda$default_init$0(BoardPanel.java:123) ~[freerouting-1.9.0.jar:unspecified]
	at java.awt.Component.processMouseWheelEvent(Component.java:6714) ~[?:?]
	at java.awt.Component.processEvent(Component.java:6398) ~[?:?]
	at java.awt.Container.processEvent(Container.java:2266) ~[?:?]
	at java.awt.Component.dispatchEventImpl(Component.java:5001) ~[?:?]
	at java.awt.Container.dispatchEventImpl(Container.java:2324) ~[?:?]
	at java.awt.Component.dispatchEvent(Component.java:4833) ~[?:?]
	at java.awt.LightweightDispatcher.retargetMouseEvent(Container.java:4948) ~[?:?]
	at java.awt.LightweightDispatcher.processMouseEvent(Container.java:4604) ~[?:?]
	at java.awt.LightweightDispatcher.dispatchEvent(Container.java:4516) ~[?:?]
	at java.awt.Container.dispatchEventImpl(Container.java:2310) ~[?:?]
	at java.awt.Window.dispatchEventImpl(Window.java:2780) ~[?:?]
	at java.awt.Component.dispatchEvent(Component.java:4833) ~[?:?]
	at java.awt.EventQueue.dispatchEventImpl(EventQueue.java:775) ~[?:?]
	at java.awt.EventQueue$4.run(EventQueue.java:720) ~[?:?]
	at java.awt.EventQueue$4.run(EventQueue.java:714) ~[?:?]
	at java.security.AccessController.doPrivileged(AccessController.java:399) ~[?:?]
	at java.security.ProtectionDomain$JavaSecurityAccessImpl.doIntersectionPrivilege(ProtectionDomain.java:86) ~[?:?]
	at java.security.ProtectionDomain$JavaSecurityAccessImpl.doIntersectionPrivilege(ProtectionDomain.java:97) ~[?:?]
	at java.awt.EventQueue$5.run(EventQueue.java:747) ~[?:?]
	at java.awt.EventQueue$5.run(EventQueue.java:745) ~[?:?]
	at java.security.AccessController.doPrivileged(AccessController.java:399) ~[?:?]
	at java.security.ProtectionDomain$JavaSecurityAccessImpl.doIntersectionPrivilege(ProtectionDomain.java:86) ~[?:?]
	at java.awt.EventQueue.dispatchEvent(EventQueue.java:744) ~[?:?]
	at java.awt.EventDispatchThread.pumpOneEventForFilters(EventDispatchThread.java:203) [?:?]
	at java.awt.EventDispatchThread.pumpEventsForFilter(EventDispatchThread.java:124) [?:?]
	at java.awt.EventDispatchThread.pumpEventsForHierarchy(EventDispatchThread.java:113) [?:?]
	at java.awt.EventDispatchThread.pumpEvents(EventDispatchThread.java:109) [?:?]
	at java.awt.EventDispatchThread.pumpEvents(EventDispatchThread.java:101) [?:?]
	at java.awt.EventDispatchThread.run(EventDispatchThread.java:90) [?:?]
2026-09-30 07:02:22.962 [AWT-EventQueue-0] ERROR Cannot invoke "app.freerouting.geometry.planar.FloatPoint.rotate(double, app.freerouting.geometry.planar.FloatPoint)" because "p_point" is null
java.lang.NullPointerException: Cannot invoke "app.freerouting.geometry.planar.FloatPoint.rotate(double, app.freerouting.geometry.planar.FloatPoint)" because "p_point" is null
	at app.freerouting.boardgraphics.CoordinateTransform.board_to_screen(CoordinateTransform.java:82) ~[freerouting-1.9.0.jar:unspecified]
	at app.freerouting.interactive.InteractiveState.mouse_wheel_moved(InteractiveState.java:90) ~[freerouting-1.9.0.jar:unspecified]
	at app.freerouting.interactive.BoardHandling.mouse_wheel_moved(BoardHandling.java:721) ~[freerouting-1.9.0.jar:unspecified]
	at app.freerouting.gui.BoardPanel.lambda$default_init$0(BoardPanel.java:123) ~[freerouting-1.9.0.jar:unspecified]
	at java.awt.Component.processMouseWheelEvent(Component.java:6714) ~[?:?]
	at java.awt.Component.processEvent(Component.java:6398) ~[?:?]
	at java.awt.Container.processEvent(Container.java:2266) ~[?:?]
	at java.awt.Component.dispatchEventImpl(Component.java:5001) ~[?:?]
	at java.awt.Container.dispatchEventImpl(Container.java:2324) ~[?:?]
	at java.awt.Component.dispatchEvent(Component.java:4833) ~[?:?]
	at java.awt.LightweightDispatcher.retargetMouseEvent(Container.java:4948) ~[?:?]
	at java.awt.LightweightDispatcher.processMouseEvent(Container.java:4604) ~[?:?]
	at java.awt.LightweightDispatcher.dispatchEvent(Container.java:4516) ~[?:?]
	at java.awt.Container.dispatchEventImpl(Container.java:2310) ~[?:?]
	at java.awt.Window.dispatchEventImpl(Window.java:2780) ~[?:?]
	at java.awt.Component.dispatchEvent(Component.java:4833) ~[?:?]
	at java.awt.EventQueue.dispatchEventImpl(EventQueue.java:775) ~[?:?]
	at java.awt.EventQueue$4.run(EventQueue.java:720) ~[?:?]
	at java.awt.EventQueue$4.run(EventQueue.java:714) ~[?:?]
	at java.security.AccessController.doPrivileged(AccessController.java:399) ~[?:?]
	at java.security.ProtectionDomain$JavaSecurityAccessImpl.doIntersectionPrivilege(ProtectionDomain.java:86) ~[?:?]
	at java.security.ProtectionDomain$JavaSecurityAccessImpl.doIntersectionPrivilege(ProtectionDomain.java:97) ~[?:?]
	at java.awt.EventQueue$5.run(EventQueue.java:747) ~[?:?]
	at java.awt.EventQueue$5.run(EventQueue.java:745) ~[?:?]
	at java.security.AccessController.doPrivileged(AccessController.java:399) ~[?:?]
	at java.security.ProtectionDomain$JavaSecurityAccessImpl.doIntersectionPrivilege(ProtectionDomain.java:86) ~[?:?]
	at java.awt.EventQueue.dispatchEvent(EventQueue.java:744) ~[?:?]
	at java.awt.EventDispatchThread.pumpOneEventForFilters(EventDispatchThread.java:203) [?:?]
	at java.awt.EventDispatchThread.pumpEventsForFilter(EventDispatchThread.java:124) [?:?]
	at java.awt.EventDispatchThread.pumpEventsForHierarchy(EventDispatchThread.java:113) [?:?]
	at java.awt.EventDispatchThread.pumpEvents(EventDispatchThread.java:109) [?:?]
	at java.awt.EventDispatchThread.pumpEvents(EventDispatchThread.java:101) [?:?]
	at java.awt.EventDispatchThread.run(EventDispatchThread.java:90) [?:?]
2026-09-30 07:02:28.382 [Thread-31] INFO  Starting auto-routing...
2026-09-30 07:06:22.938 [Thread-31] INFO  Auto-routing was completed in 3 minute(s) 54.55 seconds.
2026-09-30 07:06:23.057 [Thread-31] INFO  Starting route optimization on 1 thread...
2026-09-30 07:06:30.505 [Thread-31] INFO  Route optimization was completed in 7.45 seconds.
2026-09-30 07:06:30.511 [Thread-31] INFO  Saving 'C:\Users\arthu\Documents\Code\cartouche-eclair-proto\hardware\cartouche-drive.ses'...
2026-09-30 07:07:16.312 [main] INFO  Freerouting v1.9.0 (build-date: 2023-10-30)
2026-09-30 07:07:16.382 [main] INFO  Settings were loaded from freerouting.json
2026-09-30 07:07:17.574 [main] INFO  Opening 'C:\Users\arthu\Documents\Code\cartouche-eclair-proto\hardware\cartouche-drive.dsn'...
2026-09-30 07:07:17.798 [ForkJoinPool.commonPool-worker-1] INFO  New version available: v2.4.1
2026-09-30 07:07:20.824 [Thread-29] INFO  Starting auto-routing...
2026-09-30 07:10:21.409 [Thread-29] INFO  Auto-routing was completed in 3 minute(s) 0.58 seconds.
2026-09-30 07:10:21.527 [Thread-29] INFO  Starting route optimization on 1 thread...
2026-09-30 07:10:28.144 [Thread-29] INFO  Route optimization was completed in 6.62 seconds.
2026-09-30 07:10:28.159 [Thread-29] INFO  Saving 'C:\Users\arthu\Documents\Code\cartouche-eclair-proto\hardware\cartouche-drive.ses'...
2026-09-30 07:36:57.608 [main] INFO  Freerouting v1.9.0 (build-date: 2023-10-30)
2026-09-30 07:36:57.685 [main] INFO  Settings were loaded from freerouting.json
2026-09-30 07:36:58.905 [main] INFO  Opening 'C:\Users\arthu\Documents\Code\cartouche-eclair-proto\hardware\cartouche-drive.dsn'...
2026-09-30 07:36:59.298 [ForkJoinPool.commonPool-worker-1] INFO  New version available: v2.4.1
2026-09-30 07:37:20.291 [Thread-29] INFO  Starting auto-routing...
2026-09-30 07:39:08.161 [Thread-29] INFO  Auto-routing was completed in 1 minute(s) 47.87 seconds.
2026-09-30 07:39:08.280 [Thread-29] INFO  Starting route optimization on 1 thread...
2026-09-30 07:39:13.288 [Thread-29] INFO  Route optimization was completed in 5.01 seconds.
2026-09-30 07:39:13.302 [Thread-29] INFO  Saving 'C:\Users\arthu\Documents\Code\cartouche-eclair-proto\hardware\cartouche-drive.ses'...
2026-09-30 07:45:16.395 [main] INFO  Freerouting v1.9.0 (build-date: 2023-10-30)
2026-09-30 07:45:16.473 [main] INFO  Settings were loaded from freerouting.json
2026-09-30 07:45:17.665 [main] INFO  Opening 'C:\Users\arthu\Documents\Code\cartouche-eclair-proto\hardware\cartouche-drive.dsn'...
2026-09-30 07:45:17.883 [ForkJoinPool.commonPool-worker-1] INFO  New version available: v2.4.1
2026-09-30 07:45:39.102 [Thread-29] INFO  Starting auto-routing...
2026-09-30 07:45:48.593 [Thread-29] WARN  There were only 16.65 changes in the last 20 passes, so it's very likely that autorouter can't improve the result much further. It is recommended to stop it and finish the board manually.
2026-09-30 07:45:48.956 [Thread-29] INFO  Auto-routing was completed in 9.85 seconds.
2026-09-30 07:45:49.069 [Thread-29] INFO  Starting route optimization on 1 thread...
2026-09-30 07:45:53.947 [Thread-29] INFO  Route optimization was completed in 4.88 seconds.
2026-09-30 07:45:53.954 [Thread-29] INFO  Saving 'C:\Users\arthu\Documents\Code\cartouche-eclair-proto\hardware\cartouche-drive.ses'...
2026-09-30 07:46:34.626 [main] INFO  Freerouting v1.9.0 (build-date: 2023-10-30)
2026-09-30 07:46:34.703 [main] INFO  Settings were loaded from freerouting.json
2026-09-30 07:46:35.893 [main] INFO  Opening 'C:\Users\arthu\Documents\Code\cartouche-eclair-proto\hardware\cartouche-drive.dsn'...
2026-09-30 07:46:36.299 [ForkJoinPool.commonPool-worker-1] INFO  New version available: v2.4.1
2026-09-30 07:46:57.322 [Thread-29] INFO  Starting auto-routing...
2026-09-30 07:47:05.371 [Thread-29] WARN  There were only 18.85 changes in the last 20 passes, so it's very likely that autorouter can't improve the result much further. It is recommended to stop it and finish the board manually.
2026-09-30 07:47:08.019 [Thread-29] INFO  Auto-routing was completed in 10.70 seconds.
2026-09-30 07:47:08.138 [Thread-29] INFO  Starting route optimization on 1 thread...
2026-09-30 07:47:12.962 [Thread-29] INFO  Route optimization was completed in 4.82 seconds.
2026-09-30 07:47:12.969 [Thread-29] INFO  Saving 'C:\Users\arthu\Documents\Code\cartouche-eclair-proto\hardware\cartouche-drive.ses'...
2026-09-30 07:47:35.390 [main] INFO  Freerouting v1.9.0 (build-date: 2023-10-30)
2026-09-30 07:47:35.468 [main] INFO  Settings were loaded from freerouting.json
2026-09-30 07:47:36.662 [main] INFO  Opening 'C:\Users\arthu\Documents\Code\cartouche-eclair-proto\hardware\cartouche-drive.dsn'...
2026-09-30 07:47:37.032 [ForkJoinPool.commonPool-worker-1] INFO  New version available: v2.4.1
2026-09-30 07:47:58.122 [Thread-29] INFO  Starting auto-routing...
2026-09-30 07:48:04.947 [Thread-29] WARN  There were only 17.45 changes in the last 20 passes, so it's very likely that autorouter can't improve the result much further. It is recommended to stop it and finish the board manually.
2026-09-30 07:48:05.957 [Thread-29] WARN  There were only 8.28 changes in the last 40 passes, so it's very likely that autorouter can't improve the result much further. It is recommended to stop it and finish the board manually.
2026-09-30 07:48:07.016 [Thread-29] WARN  There were only 5.83 changes in the last 60 passes, so it's very likely that autorouter can't improve the result much further. It is recommended to stop it and finish the board manually.
2026-09-30 07:48:07.436 [Thread-29] INFO  Auto-routing was completed in 9.31 seconds.
2026-09-30 07:48:07.548 [Thread-29] INFO  Starting route optimization on 1 thread...
2026-09-30 07:48:12.528 [Thread-29] INFO  Route optimization was completed in 4.98 seconds.
2026-09-30 07:48:12.534 [Thread-29] INFO  Saving 'C:\Users\arthu\Documents\Code\cartouche-eclair-proto\hardware\cartouche-drive.ses'...
2026-09-30 07:48:36.995 [main] INFO  Freerouting v1.9.0 (build-date: 2023-10-30)
2026-09-30 07:48:37.073 [main] INFO  Settings were loaded from freerouting.json
2026-09-30 07:48:38.264 [main] INFO  Opening 'C:\Users\arthu\Documents\Code\cartouche-eclair-proto\hardware\cartouche-drive.dsn'...
2026-09-30 07:48:38.635 [ForkJoinPool.commonPool-worker-1] INFO  New version available: v2.4.1
2026-09-30 07:48:59.698 [Thread-29] INFO  Starting auto-routing...
2026-09-30 07:49:12.989 [Thread-29] WARN  There were only 16.30 changes in the last 20 passes, so it's very likely that autorouter can't improve the result much further. It is recommended to stop it and finish the board manually.
2026-09-30 07:49:20.174 [Thread-29] WARN  There were only 10.72 changes in the last 40 passes, so it's very likely that autorouter can't improve the result much further. It is recommended to stop it and finish the board manually.
2026-09-30 07:49:27.326 [Thread-29] WARN  There were only 9.28 changes in the last 60 passes, so it's very likely that autorouter can't improve the result much further. It is recommended to stop it and finish the board manually.
2026-09-30 07:49:34.442 [Thread-29] WARN  There were only 8.51 changes in the last 80 passes, so it's very likely that autorouter can't improve the result much further. It is recommended to stop it and finish the board manually.
2026-09-30 07:49:39.189 [Thread-29] INFO  Auto-routing was completed in 39.49 seconds.
2026-09-30 07:49:39.302 [Thread-29] INFO  Starting route optimization on 1 thread...
2026-09-30 07:49:44.141 [Thread-29] INFO  Route optimization was completed in 4.84 seconds.
2026-09-30 07:49:44.149 [Thread-29] INFO  Saving 'C:\Users\arthu\Documents\Code\cartouche-eclair-proto\hardware\cartouche-drive.ses'...
2026-09-30 07:50:18.085 [main] INFO  Freerouting v1.9.0 (build-date: 2023-10-30)
2026-09-30 07:50:18.162 [main] INFO  Settings were loaded from freerouting.json
2026-09-30 07:50:19.362 [main] INFO  Opening 'C:\Users\arthu\Documents\Code\cartouche-eclair-proto\hardware\cartouche-drive.dsn'...
2026-09-30 07:50:19.586 [ForkJoinPool.commonPool-worker-1] INFO  New version available: v2.4.1
2026-09-30 07:50:40.902 [Thread-29] INFO  Starting auto-routing...
2026-09-30 07:50:52.857 [Thread-29] WARN  There were only 17.05 changes in the last 20 passes, so it's very likely that autorouter can't improve the result much further. It is recommended to stop it and finish the board manually.
2026-09-30 07:50:59.914 [Thread-29] WARN  There were only 11.68 changes in the last 40 passes, so it's very likely that autorouter can't improve the result much further. It is recommended to stop it and finish the board manually.
2026-09-30 07:51:06.659 [Thread-29] WARN  There were only 10.08 changes in the last 60 passes, so it's very likely that autorouter can't improve the result much further. It is recommended to stop it and finish the board manually.
2026-09-30 07:51:14.128 [Thread-29] WARN  There were only 9.28 changes in the last 80 passes, so it's very likely that autorouter can't improve the result much further. It is recommended to stop it and finish the board manually.
2026-09-30 07:51:17.443 [Thread-29] INFO  Auto-routing was completed in 36.54 seconds.
2026-09-30 07:51:17.555 [Thread-29] INFO  Starting route optimization on 1 thread...
2026-09-30 07:51:22.452 [Thread-29] INFO  Route optimization was completed in 4.90 seconds.
2026-09-30 07:51:22.466 [Thread-29] INFO  Saving 'C:\Users\arthu\Documents\Code\cartouche-eclair-proto\hardware\cartouche-drive.ses'...
